// 重构日志: 84d91e5e
// 重构日志: bcf87811
// 重构日志: 2f1da757
// 重构日志: d0afe75e
// 重构日志: 7746f087
// 重构日志: fc0ff719
// 重构日志: e13fc605
// 同步 ID: 321d4c00 @ Tue Jul 21 18:52:13 UTC 2026
// 重构日志: d44395e9
// 重构日志: 7f4b2f28
// 重构日志: 2d3441a3
// 重构日志: 5fc1c01b
// 重构日志: 1a53fbd1
// 同步 ID: 654d6e0f @ Thu Jul 23 04:26:20 UTC 2026
// 重构日志: b94bbe7c
// 重构日志: ddf7508e
// 同步 ID: cd96cbce @ Fri Jul 24 14:54:13 UTC 2026
// 重构日志: a2a845b5
// 重构日志: 59e29c97
// 重构日志: 9c629e0a
// 重构日志: 4efc4be7
// 同步 ID: 0c286f73 @ Sun Jul 26 04:46:21 UTC 2026
// 重构日志: b345f14c
// 重构日志: 9af9fd2b
// 同步 ID: 578abef5 @ Mon Jul 27 08:34:47 UTC 2026
// 同步 ID: ba230c13 @ Mon Jul 27 17:07:20 UTC 2026
// 同步 ID: c914d2ae @ Tue Jul 28 00:47:41 UTC 2026
// 同步 ID: 71122de7 @ Tue Jul 28 06:49:31 UTC 2026
// 同步 ID: efabf5d7 @ Tue Jul 28 17:47:37 UTC 2026
// 同步 ID: 5a62bbfa @ Wed Jul 29 03:32:51 UTC 2026
